=========================================
  Point Cloud Mapping Diagnosis
=========================================

--- ROS topics (scan/lidar/odom) ---
/lidar_points
/odom
/pointcloud_map
/scan

--- /scan info ---
Type: sensor_msgs/msg/LaserScan
Publisher count: 1
Subscription count: 0

--- /lidar_points info ---
Type: sensor_msgs/msg/PointCloud2
Publisher count: 1
Subscription count: 1

--- /odom info ---
Type: nav_msgs/msg/Odometry
Publisher count: 1
Subscription count: 1

--- /pointcloud_map info ---
Type: sensor_msgs/msg/PointCloud2
Publisher count: 1
Subscription count: 1

--- Gazebo LiDAR topic type ---
No publishers on topic [/model/autoVehicle/link/radar_link/sensor/lidar/scan]
No subscribers on topic [/model/autoVehicle/link/radar_link/sensor/lidar/scan]

--- Gazebo PointCloud topic type ---
No publishers on topic [/model/autoVehicle/link/radar_link/sensor/lidar/scan/points]
No subscribers on topic [/model/autoVehicle/link/radar_link/sensor/lidar/scan/points]

--- Gazebo odometry topic type ---
Publishers [Address, Message Type]:
  tcp://192.168.65.128:38711, gz.msgs.Odometry
Subscribers [Address, Message Type]:
  tcp://192.168.65.128:44245, gz.msgs.Odometry

--- TF frames ---
Check /tmp/frames.pdf for TF tree

--- Bridge nodes ---
(no bridge nodes found)

Diagnostic complete. Send the output above.